LX51 LINKER/LOCATER V4.66.30.0                                                          05/15/2015  14:35:58  PAGE 1


LX51 LINKER/LOCATER V4.66.30.0, INVOKED BY:
C:\PROGRA~2\KEIL\C51\BIN\LX51.EXE .\Objects\STARTUP.obj, .\phys340libkeil.obj, .\Objects\LDRinterrupt.obj TO .\Objects\L
>> DRinterrupts PRINT (.\Listings\LDRinterrupts.map)


CPU MODE:     8051 MODE
MEMORY MODEL: LARGE


INPUT MODULES INCLUDED:
  .\Objects\STARTUP.obj (?C_STARTUP)
         COMMENT TYPE 1: A51 / ASM51 Assembler
  .\phys340libkeil.obj (PHYS340LIBKEIL)
         COMMENT TYPE 1: C51 Compiler
  .\Objects\LDRinterrupt.obj (LDRINTERRUPT)
         COMMENT TYPE 0: C51 V9.53.0.0
  C:\PROGRA~2\KEIL\C51\LIB\C51L.LIB (?C_INIT)
         COMMENT TYPE 1: A51 / ASM51 Assembler
  C:\PROGRA~2\KEIL\C51\LIB\C51L.LIB (?C?CLDOPTR)
         COMMENT TYPE 1: A51 / ASM51 Assembler
  C:\PROGRA~2\KEIL\C51\LIB\C51L.LIB (?C?CSTOPTR)
         COMMENT TYPE 1: A51 / ASM51 Assembler
  C:\PROGRA~2\KEIL\C51\LIB\C51L.LIB (?C?SLDIV)
         COMMENT TYPE 1: A51 / ASM51 Assembler
  C:\PROGRA~2\KEIL\C51\LIB\C51L.LIB (PRINTF)
         COMMENT TYPE 1: A51 / ASM51 Assembler
  C:\PROGRA~2\KEIL\C51\LIB\C51L.LIB (?C?CLDPTR)
         COMMENT TYPE 1: A51 / ASM51 Assembler
  C:\PROGRA~2\KEIL\C51\LIB\C51L.LIB (?C?CSTPTR)
         COMMENT TYPE 1: A51 / ASM51 Assembler
  C:\PROGRA~2\KEIL\C51\LIB\C51L.LIB (?C?ULDIV)
         COMMENT TYPE 1: A51 / ASM51 Assembler
  C:\PROGRA~2\KEIL\C51\LIB\C51L.LIB (?C?PLDIXDATA)
         COMMENT TYPE 1: A51 / ASM51 Assembler
  C:\PROGRA~2\KEIL\C51\LIB\C51L.LIB (?C?PSTXDATA)
         COMMENT TYPE 1: A51 / ASM51 Assembler
  C:\PROGRA~2\KEIL\C51\LIB\C51L.LIB (?C?CCASE)
         COMMENT TYPE 1: A51 / ASM51 Assembler
  C:\PROGRA~2\KEIL\C51\LIB\C51L.LIB (PUTCHAR)
         COMMENT TYPE 1: A51 / ASM51 Assembler


ACTIVE MEMORY CLASSES OF MODULE:  .\Objects\LDRinterrupts (?C_STARTUP)

BASE        START       END         USED      MEMORY CLASS
==========================================================
C:000000H   C:000000H   C:00FFFFH   000960H   CODE
I:000000H   I:000000H   I:0000FFH   000001H   IDATA
X:000000H   X:000000H   X:00FFFFH   000045H   XDATA
I:000000H   I:000000H   I:00007FH   00000DH   DATA
I:000020H.0 I:000020H.0 I:00002FH.7 000001H.1 BIT


MEMORY MAP OF MODULE:  .\Objects\LDRinterrupts (?C_STARTUP)


START     STOP      LENGTH    ALIGN  RELOC    MEMORY CLASS   SEGMENT NAME
=========================================================================

* * * * * * * * * * *   D A T A   M E M O R Y   * * * * * * * * * * * * *
000000H   000007H   000008H   ---    AT..     DATA           "REG BANK 0"
000008H   00000CH   000005H   BYTE   UNIT     DATA           _DATA_GROUP_
00000DH.0 00001FH.7 000013H.0 ---    ---      **GAP**
000020H.0 000021H.0 000001H.1 BIT    UNIT     BIT            _BIT_GROUP_
000021H.1 000021H   000000H.7 ---    ---      **GAP**
000022H   000022H   000001H   BYTE   UNIT     IDATA          ?STACK
LX51 LINKER/LOCATER V4.66.30.0                                                        05/15/2015  14:35:58  PAGE 2



* * * * * * * * * * *   C O D E   M E M O R Y   * * * * * * * * * * * * *
000000H   000002H   000003H   ---    OFFS..   CODE           ?CO??C_STARTUP?0
000003H   000005H   000003H   BYTE   OFFS..   CODE           ?LDRINTERRUPT?00003
000006H   0007FFH   0007FAH   ---    ---      **GAP**
000800H   000B64H   000365H   BYTE   UNIT     CODE           ?PR?PRINTF?PRINTF
000B65H   000CF2H   00018EH   BYTE   UNIT     CODE           ?C?LIB_CODE
000CF3H   000D8DH   00009BH   BYTE   UNIT     CODE           ?PR?SAMPLEKEYPAD?PHYS340LIBKEIL
000D8EH   000E19H   00008CH   BYTE   UNIT     CODE           ?C_C51STARTUP
000E1AH   000E8FH   000076H   BYTE   UNIT     CODE           ?PR?_READLINESERIAL?PHYS340LIBKEIL
000E90H   000EEBH   00005CH   BYTE   UNIT     CODE           ?PR?INITLCD?PHYS340LIBKEIL
000EECH   000F2FH   000044H   BYTE   UNIT     CODE           ?C?LDIV
000F30H   000F70H   000041H   BYTE   UNIT     CODE           ?PR?MAIN?LDRINTERRUPT
000F71H   000FACH   00003CH   BYTE   UNIT     CODE           ?PR?_WRITELINELCD?PHYS340LIBKEIL
000FADH   000FE2H   000036H   BYTE   UNIT     CODE           ?PR?_WRITECHARLCD?PHYS340LIBKEIL
000FE3H   001015H   000033H   BYTE   UNIT     CODE           ?PR?_WRITELINESERIAL?PHYS340LIBKEIL
001016H   001047H   000032H   BYTE   UNIT     CODE           ?PR?_SETLCDPOS?PHYS340LIBKEIL
001048H   001073H   00002CH   BYTE   UNIT     CODE           ?PR?SAMPLEADC?PHYS340LIBKEIL
001074H   00109AH   000027H   BYTE   UNIT     CODE           ?PR?_INITSERIAL?PHYS340LIBKEIL
00109BH   0010C1H   000027H   BYTE   UNIT     CODE           ?PR?PUTCHAR?PUTCHAR
0010C2H   0010DEH   00001DH   BYTE   UNIT     CODE           ?PR?CLEARLCD?PHYS340LIBKEIL
0010DFH   0010FBH   00001DH   BYTE   UNIT     CODE           ?C_INITSEG
0010FCH   001116H   00001BH   BYTE   UNIT     CODE           ?PR?MYINTHANDLER?LDRINTERRUPT
001117H   00112FH   000019H   BYTE   UNIT     CODE           ?PR?_DELAYA?PHYS340LIBKEIL
001130H   00113CH   00000DH   BYTE   UNIT     CODE           ?CO?LDRINTERRUPT
00113DH   001144H   000008H   BYTE   UNIT     CODE           ?PR?_WRITECHARSERIAL?PHYS340LIBKEIL
001145H   00114CH   000008H   BYTE   UNIT     CODE           ?PR?READCHARSERIAL?PHYS340LIBKEIL
00114DH   001153H   000007H   BYTE   UNIT     CODE           ?PR?INTERRUPTSETUP?LDRINTERRUPT
001154H   001159H   000006H   BYTE   UNIT     CODE           ?PR?GETLCDPOS?PHYS340LIBKEIL

* * * * * * * * * * *  X D A T A   M E M O R Y  * * * * * * * * * * * * *
000000H   000027H   000028H   BYTE   UNIT     XDATA          _XDATA_GROUP_
000028H   000038H   000011H   BYTE   UNIT     XDATA          ?XD?LDRINTERRUPT
000039H   00003DH   000005H   BYTE   UNIT     XDATA          ?XD?PHYS340LIBKEIL
00003EH   000041H   000004H   BYTE   UNIT     XDATA          ?XD?_READLINESERIAL?PHYS340LIBKEIL
000042H   000044H   000003H   BYTE   UNIT     XDATA          ?XD?_WRITELINESERIAL?PHYS340LIBKEIL



OVERLAY MAP OF MODULE:   .\Objects\LDRinterrupts (?C_STARTUP)


FUNCTION/MODULE                       BIT_GROUP   DATA_GROUP   XDATA_GROUP
--> CALLED FUNCTION/MODULE           START  STOP  START  STOP  START  STOP
==========================================================================
?C_C51STARTUP                        ----- -----  ----- -----  ----- -----
  +--> MAIN/LDRINTERRUPT
  +--> ?C_INITSEG

MAIN/LDRINTERRUPT                    ----- -----  ----- -----  ----- -----
  +--> INITLCD/PHYS340LIBKEIL
  +--> INTERRUPTSETUP/LDRINTERRUPT
  +--> CLEARLCD/PHYS340LIBKEIL
  +--> ?CO?LDRINTERRUPT
  +--> PRINTF/PRINTF
  +--> _WRITELINELCD/PHYS340LIBKEIL
  +--> _DELAYA/PHYS340LIBKEIL

INITLCD/PHYS340LIBKEIL               ----- -----  ----- -----  ----- -----
  +--> _DELAYA/PHYS340LIBKEIL

_DELAYA/PHYS340LIBKEIL               ----- -----  ----- -----  ----- -----

INTERRUPTSETUP/LDRINTERRUPT          ----- -----  ----- -----  ----- -----

LX51 LINKER/LOCATER V4.66.30.0                                                        05/15/2015  14:35:58  PAGE 3


CLEARLCD/PHYS340LIBKEIL              ----- -----  ----- -----  ----- -----
  +--> _DELAYA/PHYS340LIBKEIL

?CO?LDRINTERRUPT                     ----- -----  ----- -----  ----- -----

PRINTF/PRINTF                        20H.0 21H.0  0008H 000CH  0000H 0027H
  +--> PUTCHAR/PUTCHAR

PUTCHAR/PUTCHAR                      ----- -----  ----- -----  ----- -----

_WRITELINELCD/PHYS340LIBKEIL         ----- -----  ----- -----  0000H 0002H
  +--> _WRITECHARLCD/PHYS340LIBKEIL

_WRITECHARLCD/PHYS340LIBKEIL         ----- -----  ----- -----  0003H 0003H
  +--> _SETLCDPOS/PHYS340LIBKEIL
  +--> _DELAYA/PHYS340LIBKEIL

_SETLCDPOS/PHYS340LIBKEIL            ----- -----  ----- -----  ----- -----
  +--> _DELAYA/PHYS340LIBKEIL

?C_INITSEG                           ----- -----  ----- -----  ----- -----

*** NEW ROOT ***********************

MYINTHANDLER/LDRINTERRUPT            ----- -----  ----- -----  ----- -----



PUBLIC SYMBOLS OF MODULE:  .\Objects\LDRinterrupts (?C_STARTUP)


      VALUE       CLASS    TYPE      PUBLIC SYMBOL NAME
      =================================================
      02000000H   XDATA    ---       ?_PRINTF517?BYTE
      02000000H   XDATA    ---       ?_PRINTF?BYTE
      02000000H   XDATA    ---       ?_SPRINTF517?BYTE
      02000000H   XDATA    ---       ?_SPRINTF?BYTE
      01000CCDH   CODE     ---       ?C?CCASE
      01000B65H   CODE     ---       ?C?CLDOPTR
      01000BB4H   CODE     ---       ?C?CLDPTR
      00000000H   NUMBER   ---       ?C?CODESEG
      01000B92H   CODE     ---       ?C?CSTOPTR
      01000BCDH   CODE     ---       ?C?CSTPTR
      01000CADH   CODE     ---       ?C?PLDIXDATA
      01000CC4H   CODE     ---       ?C?PSTXDATA
      01000EECH   CODE     ---       ?C?SLDIV
      01000C1BH   CODE     ---       ?C?ULDIV
      00000000H   NUMBER   ---       ?C?XDATASEG
      01000DD5H   CODE     ---       ?C_START
      01000000H   CODE     ---       ?C_STARTUP
      0100111EH   CODE     ---       _delaya
      01001074H   CODE     ---       _initSerial
      0100086BH   CODE     ---       _PRINTF
      0100086BH   CODE     ---       _PRINTF517
      0100109BH   CODE     ---       _PUTCHAR
      01000E1AH   CODE     ---       _readLineSerial
      01001016H   CODE     ---       _setLCDPos
      01000865H   CODE     ---       _SPRINTF
      01000865H   CODE     ---       _SPRINTF517
      01000FADH   CODE     ---       _writeCharLCD
      0100113DH   CODE     ---       _writeCharSerial
      01000F71H   CODE     ---       _writeLineLCD
      01000FE3H   CODE     ---       _writeLineSerial
*SFR* 000000A0H.2 DATA     BIT       A10
*SFR* 000000A0H.3 DATA     BIT       A11
LX51 LINKER/LOCATER V4.66.30.0                                                        05/15/2015  14:35:58  PAGE 4


*SFR* 000000A0H.4 DATA     BIT       A12
*SFR* 000000A0H.5 DATA     BIT       A13
*SFR* 000000A0H.6 DATA     BIT       A14
*SFR* 000000A0H.7 DATA     BIT       A15
*SFR* 000000A0H   DATA     BIT       A8
*SFR* 000000A0H.1 DATA     BIT       A9
*SFR* 000000D0H.6 DATA     BIT       AC
*SFR* 000000E0H   DATA     BYTE      ACC
*SFR* 000000E0H   DATA     BIT       ACC0
*SFR* 000000E0H.1 DATA     BIT       ACC1
*SFR* 000000E0H.2 DATA     BIT       ACC2
*SFR* 000000E0H.3 DATA     BIT       ACC3
*SFR* 000000E0H.4 DATA     BIT       ACC4
*SFR* 000000E0H.5 DATA     BIT       ACC5
*SFR* 000000E0H.6 DATA     BIT       ACC6
*SFR* 000000E0H.7 DATA     BIT       ACC7
*SFR* 00000080H   DATA     BIT       AD0
*SFR* 00000080H.1 DATA     BIT       AD1
*SFR* 00000080H.2 DATA     BIT       AD2
*SFR* 00000080H.3 DATA     BIT       AD3
*SFR* 00000080H.4 DATA     BIT       AD4
*SFR* 00000080H.5 DATA     BIT       AD5
*SFR* 00000080H.6 DATA     BIT       AD6
*SFR* 00000080H.7 DATA     BIT       AD7
*SFR* 000000F6H   DATA     BYTE      ADCF
*SFR* 000000F2H   DATA     BYTE      ADCLK
*SFR* 000000F3H   DATA     BYTE      ADCON
*SFR* 000000F5H   DATA     BYTE      ADDH
*SFR* 000000F4H   DATA     BYTE      ADDL
*SFR* 0000008EH   DATA     BYTE      AUXR
*SFR* 000000A2H   DATA     BYTE      AUXR1
*SFR* 000000F0H   DATA     BYTE      B
*SFR* 000000F0H   DATA     BIT       B0
*SFR* 000000F0H.1 DATA     BIT       B1
*SFR* 000000F0H.2 DATA     BIT       B2
*SFR* 000000F0H.3 DATA     BIT       B3
*SFR* 000000F0H.4 DATA     BIT       B4
*SFR* 000000F0H.5 DATA     BIT       B5
*SFR* 000000F0H.6 DATA     BIT       B6
*SFR* 000000F0H.7 DATA     BIT       B7
*SFR* 000000C8H.1 DATA     BIT       C_T2
*SFR* 000000FAH   DATA     BYTE      CCAP0H
*SFR* 000000EAH   DATA     BYTE      CCAP0L
*SFR* 000000FBH   DATA     BYTE      CCAP1H
*SFR* 000000EBH   DATA     BYTE      CCAP1L
*SFR* 000000FCH   DATA     BYTE      CCAP2H
*SFR* 000000ECH   DATA     BYTE      CCAP2L
*SFR* 000000FDH   DATA     BYTE      CCAP3H
*SFR* 000000EDH   DATA     BYTE      CCAP3L
*SFR* 000000FEH   DATA     BYTE      CCAP4H
*SFR* 000000EEH   DATA     BYTE      CCAP4L
*SFR* 000000DAH   DATA     BYTE      CCAPM0
*SFR* 000000DBH   DATA     BYTE      CCAPM1
*SFR* 000000DCH   DATA     BYTE      CCAPM2
*SFR* 000000DDH   DATA     BYTE      CCAPM3
*SFR* 000000DEH   DATA     BYTE      CCAPM4
*SFR* 000000D8H   DATA     BIT       CCF0
*SFR* 000000D8H.1 DATA     BIT       CCF1
*SFR* 000000D8H.2 DATA     BIT       CCF2
*SFR* 000000D8H.3 DATA     BIT       CCF3
*SFR* 000000D8H.4 DATA     BIT       CCF4
*SFR* 000000D8H   DATA     BYTE      CCON
*SFR* 00000090H.3 DATA     BIT       CEX0
*SFR* 00000090H.4 DATA     BIT       CEX1
*SFR* 00000090H.5 DATA     BIT       CEX2
LX51 LINKER/LOCATER V4.66.30.0                                                        05/15/2015  14:35:58  PAGE 5


*SFR* 00000090H.6 DATA     BIT       CEX3
*SFR* 00000090H.7 DATA     BIT       CEX4
*SFR* 000000D8H.7 DATA     BIT       CF
*SFR* 000000F9H   DATA     BYTE      CH
*SFR* 0000008FH   DATA     BYTE      CKCON
*SFR* 000000E9H   DATA     BYTE      CL
      010010C2H   CODE     ---       clearLCD
*SFR* 000000D9H   DATA     BYTE      CMOD
      02000028H   XDATA    INT       counter
*SFR* 000000C8H   DATA     BIT       CP_RL2
*SFR* 000000D8H.6 DATA     BIT       CR
*SFR* 000000D0H.7 DATA     BIT       CY
*SFR* 00000083H   DATA     BYTE      DPH
*SFR* 00000082H   DATA     BYTE      DPL
*SFR* 000000A8H.7 DATA     BIT       EA
*SFR* 000000E8H.1 DATA     BIT       EADC
*SFR* 000000A8H.6 DATA     BIT       EC
*SFR* 00000090H.2 DATA     BIT       ECI
*SFR* 000000D2H   DATA     BYTE      EECON
*SFR* 000000A8H.4 DATA     BIT       ES
*SFR* 000000A8H.1 DATA     BIT       ET0
*SFR* 000000A8H.3 DATA     BIT       ET1
*SFR* 000000A8H.5 DATA     BIT       ET2
*SFR* 000000A8H   DATA     BIT       EX0
*SFR* 000000A8H.2 DATA     BIT       EX1
*SFR* 000000C8H.3 DATA     BIT       EXEN2
*SFR* 000000C8H.6 DATA     BIT       EXF2
*SFR* 000000D0H.5 DATA     BIT       F0
*SFR* 000000D0H.1 DATA     BIT       F1
*SFR* 000000D1H   DATA     BYTE      FCON
*SFR* 00000098H.7 DATA     BIT       FE
      01001154H   CODE     ---       getLCDPos
*SFR* 00000088H.1 DATA     BIT       IE0
*SFR* 00000088H.3 DATA     BIT       IE1
*SFR* 000000A8H   DATA     BYTE      IEN0
*SFR* 000000E8H   DATA     BYTE      IEN1
      01000E90H   CODE     ---       initLCD
*SFR* 000000B0H.2 DATA     BIT       INT0
*SFR* 000000B0H.3 DATA     BIT       INT1
      0100114DH   CODE     ---       interruptSetup
*SFR* 000000B7H   DATA     BYTE      IPH0
*SFR* 000000F7H   DATA     BYTE      IPH1
*SFR* 000000B8H   DATA     BYTE      IPL0
*SFR* 000000F8H   DATA     BYTE      IPL1
*SFR* 00000088H   DATA     BIT       IT0
*SFR* 00000088H.2 DATA     BIT       IT1
      01000F30H   CODE     ---       main
*SFR* 000000C0H.4 DATA     BIT       MISO
*SFR* 000000C0H.2 DATA     BIT       MOSI
      010010FCH   CODE     ---       MyIntHandler
*SFR* 000000D0H.2 DATA     BIT       OV
*SFR* 000000D0H   DATA     BIT       P
*SFR* 00000080H   DATA     BYTE      P0
*SFR* 00000080H   DATA     BIT       P0_0
*SFR* 00000080H.1 DATA     BIT       P0_1
*SFR* 00000080H.2 DATA     BIT       P0_2
*SFR* 00000080H.3 DATA     BIT       P0_3
*SFR* 00000080H.4 DATA     BIT       P0_4
*SFR* 00000080H.5 DATA     BIT       P0_5
*SFR* 00000080H.6 DATA     BIT       P0_6
*SFR* 00000080H.7 DATA     BIT       P0_7
*SFR* 00000090H   DATA     BYTE      P1
*SFR* 00000090H   DATA     BIT       P1_0
*SFR* 00000090H.1 DATA     BIT       P1_1
*SFR* 00000090H.2 DATA     BIT       P1_2
LX51 LINKER/LOCATER V4.66.30.0                                                        05/15/2015  14:35:58  PAGE 6


*SFR* 00000090H.3 DATA     BIT       P1_3
*SFR* 00000090H.4 DATA     BIT       P1_4
*SFR* 00000090H.5 DATA     BIT       P1_5
*SFR* 00000090H.6 DATA     BIT       P1_6
*SFR* 00000090H.7 DATA     BIT       P1_7
*SFR* 000000A0H   DATA     BYTE      P2
*SFR* 000000A0H   DATA     BIT       P2_0
*SFR* 000000A0H.1 DATA     BIT       P2_1
*SFR* 000000A0H.2 DATA     BIT       P2_2
*SFR* 000000A0H.3 DATA     BIT       P2_3
*SFR* 000000A0H.4 DATA     BIT       P2_4
*SFR* 000000A0H.5 DATA     BIT       P2_5
*SFR* 000000A0H.6 DATA     BIT       P2_6
*SFR* 000000A0H.7 DATA     BIT       P2_7
*SFR* 000000B0H   DATA     BYTE      P3
*SFR* 000000B0H   DATA     BIT       P3_0
*SFR* 000000B0H.1 DATA     BIT       P3_1
*SFR* 000000B0H.2 DATA     BIT       P3_2
*SFR* 000000B0H.3 DATA     BIT       P3_3
*SFR* 000000B0H.4 DATA     BIT       P3_4
*SFR* 000000B0H.5 DATA     BIT       P3_5
*SFR* 000000B0H.6 DATA     BIT       P3_6
*SFR* 000000B0H.7 DATA     BIT       P3_7
*SFR* 000000C0H   DATA     BYTE      P4
*SFR* 000000C0H   DATA     BIT       P4_0
*SFR* 000000C0H.1 DATA     BIT       P4_1
*SFR* 000000C0H.2 DATA     BIT       P4_2
*SFR* 000000C0H.3 DATA     BIT       P4_3
*SFR* 000000C0H.4 DATA     BIT       P4_4
*SFR* 000000F8H.1 DATA     BIT       PADCL
*SFR* 00000090H.5 DATA     BIT       PCAX2
*SFR* 00000087H   DATA     BYTE      PCON
      0200003DH   XDATA    BYTE      pos
*SFR* 000000B8H.6 DATA     BIT       PPC
*SFR* 000000B8H.4 DATA     BIT       PS
*SFR* 000000D0H   DATA     BYTE      PSW
*SFR* 000000B8H.1 DATA     BIT       PT0
*SFR* 000000B8H.3 DATA     BIT       PT1
*SFR* 000000B8H.5 DATA     BIT       PT2
*SFR* 000000B8H   DATA     BIT       PX0
*SFR* 000000B8H.2 DATA     BIT       PX1
*SFR* 00000098H.2 DATA     BIT       RB8
*SFR* 000000CBH   DATA     BYTE      RCAP2H
*SFR* 000000CAH   DATA     BYTE      RCAP2L
*SFR* 000000C8H.5 DATA     BIT       RCLK
*SFR* 000000B0H.7 DATA     BIT       RD
      01001145H   CODE     ---       readCharSerial
*SFR* 00000098H.4 DATA     BIT       REN
*SFR* 00000098H   DATA     BIT       RI
*SFR* 000000D0H.3 DATA     BIT       RS0
*SFR* 000000D0H.4 DATA     BIT       RS1
*SFR* 000000B0H   DATA     BIT       RXD
*SFR* 000000A9H   DATA     BYTE      SADDR
*SFR* 000000B9H   DATA     BYTE      SADEN
      01001048H   CODE     ---       sampleADC
      01000CF3H   CODE     ---       sampleKeypad
*SFR* 00000099H   DATA     BYTE      SBUF
*SFR* 000000C0H.3 DATA     BIT       SCK
*SFR* 00000098H   DATA     BYTE      SCON
*SFR* 00000090H.4 DATA     BIT       SIX2
*SFR* 00000098H.7 DATA     BIT       SM0
*SFR* 00000098H.6 DATA     BIT       SM1
*SFR* 00000098H.5 DATA     BIT       SM2
*SFR* 00000081H   DATA     BYTE      SP
*SFR* 000000D4H   DATA     BYTE      SPCON
LX51 LINKER/LOCATER V4.66.30.0                                                        05/15/2015  14:35:58  PAGE 7


*SFR* 000000D6H   DATA     BYTE      SPDAT
*SFR* 000000D5H   DATA     BYTE      SPSCR
      0200002AH   XDATA    ---       str
*SFR* 000000B0H.4 DATA     BIT       T0
*SFR* 00000090H.1 DATA     BIT       T0X2
*SFR* 000000B0H.5 DATA     BIT       T1
*SFR* 00000090H.2 DATA     BIT       T1X2
*SFR* 00000090H   DATA     BIT       T2
*SFR* 000000C8H   DATA     BYTE      T2CON
*SFR* 00000090H.1 DATA     BIT       T2EX
*SFR* 000000C9H   DATA     BYTE      T2MOD
*SFR* 00000090H.3 DATA     BIT       T2X2
*SFR* 00000098H.3 DATA     BIT       TB8
*SFR* 000000C8H.4 DATA     BIT       TCLK
*SFR* 00000088H   DATA     BYTE      TCON
*SFR* 00000088H.5 DATA     BIT       TF0
*SFR* 00000088H.7 DATA     BIT       TF1
*SFR* 000000C8H.7 DATA     BIT       TF2
*SFR* 0000008CH   DATA     BYTE      TH0
*SFR* 0000008DH   DATA     BYTE      TH1
*SFR* 000000CDH   DATA     BYTE      TH2
*SFR* 00000098H.1 DATA     BIT       TI
*SFR* 0000008AH   DATA     BYTE      TL0
*SFR* 0000008BH   DATA     BYTE      TL1
*SFR* 000000CCH   DATA     BYTE      TL2
*SFR* 00000089H   DATA     BYTE      TMOD
*SFR* 00000088H.4 DATA     BIT       TR0
*SFR* 00000088H.6 DATA     BIT       TR1
*SFR* 000000C8H.2 DATA     BIT       TR2
*SFR* 000000B0H.1 DATA     BIT       TXD
*SFR* 000000A7H   DATA     BYTE      WDTPRG
*SFR* 000000A6H   DATA     BYTE      WDTRST
*SFR* 00000090H.6 DATA     BIT       WDX2
*SFR* 000000B0H.6 DATA     BIT       WR
*SFR* 00000090H   DATA     BIT       X2



SYMBOL TABLE OF MODULE:  .\Objects\LDRinterrupts (?C_STARTUP)

      VALUE       REP       CLASS    TYPE      SYMBOL NAME
      ====================================================
      ---         MODULE    ---      ---       ?C_STARTUP
      01000000H   PUBLIC    CODE     ---       ?C_STARTUP
      000000E0H   SYMBOL    DATA     ---       ACC
      000000F0H   SYMBOL    DATA     ---       B
      00000083H   SYMBOL    DATA     ---       DPH
      00000082H   SYMBOL    DATA     ---       DPL
      00000000H   SYMBOL    NUMBER   ---       IBPSTACK
      00000100H   SYMBOL    NUMBER   ---       IBPSTACKTOP
      00000080H   SYMBOL    NUMBER   ---       IDATALEN
      01000D91H   SYMBOL    CODE     ---       IDATALOOP
      00000000H   SYMBOL    NUMBER   ---       PBPSTACK
      00000100H   SYMBOL    NUMBER   ---       PBPSTACKTOP
      00000000H   SYMBOL    NUMBER   ---       PDATALEN
      00000000H   SYMBOL    NUMBER   ---       PDATASTART
      00000000H   SYMBOL    NUMBER   ---       PPAGE
      00000000H   SYMBOL    NUMBER   ---       PPAGEENABLE
      000000A0H   SYMBOL    DATA     ---       PPAGE_SFR
      00000081H   SYMBOL    DATA     ---       SP
      01000D8EH   SYMBOL    CODE     ---       STARTUP1
      00000000H   SYMBOL    NUMBER   ---       XBPSTACK
      00000000H   SYMBOL    NUMBER   ---       XBPSTACKTOP
      00000000H   SYMBOL    NUMBER   ---       XDATALEN
      00000000H   SYMBOL    NUMBER   ---       XDATASTART
LX51 LINKER/LOCATER V4.66.30.0                                                        05/15/2015  14:35:58  PAGE 8


      01000000H   LINE      CODE     ---       #126
      01000D8EH   LINE      CODE     ---       #133
      01000D90H   LINE      CODE     ---       #134
      01000D91H   LINE      CODE     ---       #135
      01000D92H   LINE      CODE     ---       #136
      01000D94H   LINE      CODE     ---       #185
      01000D97H   LINE      CODE     ---       #196

      ---         MODULE    ---      ---       PHYS340LIBKEIL
      0200003DH   PUBLIC    XDATA    BYTE      POS
      01000E1AH   PUBLIC    CODE     ---       _READLINESERIAL
      01001145H   PUBLIC    CODE     ---       READCHARSERIAL
      01000FE3H   PUBLIC    CODE     ---       _WRITELINESERIAL
      0100113DH   PUBLIC    CODE     ---       _WRITECHARSERIAL
      01001074H   PUBLIC    CODE     ---       _INITSERIAL
      01001048H   PUBLIC    CODE     ---       SAMPLEADC
      01000CF3H   PUBLIC    CODE     ---       SAMPLEKEYPAD
      01001016H   PUBLIC    CODE     ---       _SETLCDPOS
      01001154H   PUBLIC    CODE     ---       GETLCDPOS
      010010C2H   PUBLIC    CODE     ---       CLEARLCD
      01000F71H   PUBLIC    CODE     ---       _WRITELINELCD
      01000FADH   PUBLIC    CODE     ---       _WRITECHARLCD
      01000E90H   PUBLIC    CODE     ---       INITLCD
      0100111EH   PUBLIC    CODE     ---       _DELAYA
      00000000H   SYMBOL    CODE     WORD      _ICE_DUMMY_
      01001117H   SYMBOL    CODE     NEAR LAB  L?0060
      01001119H   SYMBOL    CODE     NEAR LAB  L?0061
      01001117H   BLOCK     ---      ---       LVL=1
      ---         BLOCKEND  ---      ---       LVL=0
      01001117H   SYMBOL    CODE     NEAR LAB  L?0060
      01001119H   SYMBOL    CODE     NEAR LAB  L?0061
      0100111EH   BLOCK     ---      ---       LVL=1
      00000006H   SYMBOL    DATA     WORD      time
      0100111EH   BLOCK     ---      ---       LVL=2
      00000004H   SYMBOL    DATA     WORD      i
      ---         BLOCKEND  ---      ---       LVL=1
      0100111EH   LINE      CODE     ---       #22
      0100111EH   LINE      CODE     ---       #23
      0100111EH   LINE      CODE     ---       #25
      0100112FH   LINE      CODE     ---       #26
      ---         BLOCKEND  ---      ---       LVL=0
      01000E90H   BLOCK     ---      ---       LVL=1
      01000E90H   LINE      CODE     ---       #34
      01000E90H   LINE      CODE     ---       #35
      01000E90H   LINE      CODE     ---       #36
      01000E92H   LINE      CODE     ---       #37
      01000E94H   LINE      CODE     ---       #38
      01000E97H   LINE      CODE     ---       #39
      01000EA8H   LINE      CODE     ---       #40
      01000EB8H   LINE      CODE     ---       #41
      01000EC8H   LINE      CODE     ---       #43
      01000ECBH   LINE      CODE     ---       #44
      01000ECEH   LINE      CODE     ---       #45
      01000ED1H   LINE      CODE     ---       #46
      01000ED4H   LINE      CODE     ---       #47
      01000ED7H   LINE      CODE     ---       #48
      01000EDAH   LINE      CODE     ---       #49
      01000EDDH   LINE      CODE     ---       #50
      01000EE0H   LINE      CODE     ---       #51
      01000EE3H   LINE      CODE     ---       #52
      01000EE6H   LINE      CODE     ---       #53
      01000EEBH   LINE      CODE     ---       #54
      ---         BLOCKEND  ---      ---       LVL=0
      01000FADH   BLOCK     ---      ---       LVL=1
      02000003H   SYMBOL    XDATA    CHAR      c
LX51 LINKER/LOCATER V4.66.30.0                                                        05/15/2015  14:35:58  PAGE 9


      01000FADH   LINE      CODE     ---       #56
      01000FB2H   LINE      CODE     ---       #57
      01000FB2H   LINE      CODE     ---       #59
      01000FB9H   LINE      CODE     ---       #60
      01000FB9H   LINE      CODE     ---       #61
      01000FBBH   LINE      CODE     ---       #62
      01000FBDH   LINE      CODE     ---       #63
      01000FC4H   LINE      CODE     ---       #64
      01000FC4H   LINE      CODE     ---       #65
      01000FC9H   LINE      CODE     ---       #66
      01000FC9H   LINE      CODE     ---       #67
      01000FCBH   LINE      CODE     ---       #68
      01000FCDH   LINE      CODE     ---       #69
      01000FD3H   LINE      CODE     ---       #70
      01000FDCH   LINE      CODE     ---       #71
      01000FE2H   LINE      CODE     ---       #72
      ---         BLOCKEND  ---      ---       LVL=0
      01000F71H   BLOCK     ---      ---       LVL=1
      02000000H   SYMBOL    XDATA    ---       s
      01000F7CH   BLOCK     ---      ---       LVL=2
      02000039H   SYMBOL    XDATA    BYTE      i
      ---         BLOCKEND  ---      ---       LVL=1
      01000F71H   LINE      CODE     ---       #75
      01000F7CH   LINE      CODE     ---       #76
      01000F7CH   LINE      CODE     ---       #78
      01000F8BH   LINE      CODE     ---       #79
      01000F8BH   LINE      CODE     ---       #80
      01000FA1H   LINE      CODE     ---       #81
      01000FA1H   LINE      CODE     ---       #82
      01000FA4H   LINE      CODE     ---       #83
      01000FACH   LINE      CODE     ---       #84
      ---         BLOCKEND  ---      ---       LVL=0
      010010C2H   BLOCK     ---      ---       LVL=1
      010010C2H   LINE      CODE     ---       #86
      010010C2H   LINE      CODE     ---       #87
      010010C2H   LINE      CODE     ---       #88
      010010C4H   LINE      CODE     ---       #89
      010010C6H   LINE      CODE     ---       #90
      010010C9H   LINE      CODE     ---       #91
      010010D9H   LINE      CODE     ---       #92
      010010DEH   LINE      CODE     ---       #93
      ---         BLOCKEND  ---      ---       LVL=0
      01001154H   BLOCK     ---      ---       LVL=1
      01001154H   LINE      CODE     ---       #95
      01001154H   LINE      CODE     ---       #96
      01001154H   LINE      CODE     ---       #97
      01001159H   LINE      CODE     ---       #98
      ---         BLOCKEND  ---      ---       LVL=0
      01001016H   BLOCK     ---      ---       LVL=1
      00000007H   SYMBOL    DATA     BYTE      p
      01001016H   LINE      CODE     ---       #101
      01001016H   LINE      CODE     ---       #102
      01001016H   LINE      CODE     ---       #103
      0100101FH   LINE      CODE     ---       #104
      0100101FH   LINE      CODE     ---       #105
      01001021H   LINE      CODE     ---       #106
      01001026H   LINE      CODE     ---       #107
      01001026H   LINE      CODE     ---       #108
      01001029H   LINE      CODE     ---       #109
      01001029H   LINE      CODE     ---       #110
      01001029H   LINE      CODE     ---       #111
      01001029H   LINE      CODE     ---       #112
      0100102BH   LINE      CODE     ---       #114
      0100102BH   LINE      CODE     ---       #115
      01001033H   LINE      CODE     ---       #116
LX51 LINKER/LOCATER V4.66.30.0                                                        05/15/2015  14:35:58  PAGE 10


      01001035H   LINE      CODE     ---       #117
      01001037H   LINE      CODE     ---       #118
      01001047H   LINE      CODE     ---       #119
      01001047H   LINE      CODE     ---       #120
      01001047H   LINE      CODE     ---       #121
      ---         BLOCKEND  ---      ---       LVL=0
      01000CF3H   BLOCK     ---      ---       LVL=1
      01000CF3H   BLOCK     ---      ---       LVL=2
      0200003AH   SYMBOL    XDATA    BYTE      Key
      ---         BLOCKEND  ---      ---       LVL=1
      01000CF3H   LINE      CODE     ---       #128
      01000CF3H   LINE      CODE     ---       #129
      01000CF3H   LINE      CODE     ---       #133
      01000D02H   LINE      CODE     ---       #135
      01000D04H   LINE      CODE     ---       #136
      01000D06H   LINE      CODE     ---       #137
      01000D08H   LINE      CODE     ---       #138
      01000D0AH   LINE      CODE     ---       #139
      01000D10H   LINE      CODE     ---       #141
      01000D12H   LINE      CODE     ---       #142
      01000D18H   LINE      CODE     ---       #143
      01000D21H   LINE      CODE     ---       #144
      01000D2AH   LINE      CODE     ---       #145
      01000D2CH   LINE      CODE     ---       #147
      01000D2EH   LINE      CODE     ---       #148
      01000D37H   LINE      CODE     ---       #149
      01000D40H   LINE      CODE     ---       #150
      01000D49H   LINE      CODE     ---       #151
      01000D4BH   LINE      CODE     ---       #153
      01000D4DH   LINE      CODE     ---       #154
      01000D56H   LINE      CODE     ---       #155
      01000D5FH   LINE      CODE     ---       #156
      01000D68H   LINE      CODE     ---       #157
      01000D6AH   LINE      CODE     ---       #159
      01000D6CH   LINE      CODE     ---       #160
      01000D75H   LINE      CODE     ---       #161
      01000D7DH   LINE      CODE     ---       #162
      01000D86H   LINE      CODE     ---       #163
      01000D88H   LINE      CODE     ---       #165
      01000D8DH   LINE      CODE     ---       #166
      ---         BLOCKEND  ---      ---       LVL=0
      01001048H   BLOCK     ---      ---       LVL=1
      01001048H   BLOCK     ---      ---       LVL=2
      0200003BH   SYMBOL    XDATA    INT       sample
      ---         BLOCKEND  ---      ---       LVL=1
      01001048H   LINE      CODE     ---       #174
      01001048H   LINE      CODE     ---       #175
      01001048H   LINE      CODE     ---       #177
      0100104BH   LINE      CODE     ---       #178
      0100104EH   LINE      CODE     ---       #179
      01001051H   LINE      CODE     ---       #180
      01001051H   LINE      CODE     ---       #181
      01001054H   LINE      CODE     ---       #182
      0100106BH   LINE      CODE     ---       #183
      01001073H   LINE      CODE     ---       #184
      ---         BLOCKEND  ---      ---       LVL=0
      01001074H   BLOCK     ---      ---       LVL=1
      00000006H   SYMBOL    DATA     WORD      baud
      01001074H   LINE      CODE     ---       #190
      01001074H   LINE      CODE     ---       #191
      01001074H   LINE      CODE     ---       #192
      0100107AH   LINE      CODE     ---       #193
      0100107CH   LINE      CODE     ---       #194
      0100107EH   LINE      CODE     ---       #195
      01001081H   LINE      CODE     ---       #201
LX51 LINKER/LOCATER V4.66.30.0                                                        05/15/2015  14:35:58  PAGE 11


      01001091H   LINE      CODE     ---       #202
      01001096H   LINE      CODE     ---       #204
      01001098H   LINE      CODE     ---       #205
      0100109AH   LINE      CODE     ---       #206
      ---         BLOCKEND  ---      ---       LVL=0
      0100113DH   BLOCK     ---      ---       LVL=1
      00000007H   SYMBOL    DATA     CHAR      c
      0100113DH   LINE      CODE     ---       #210
      0100113DH   LINE      CODE     ---       #211
      0100113DH   LINE      CODE     ---       #212
      0100113FH   LINE      CODE     ---       #213
      01001142H   LINE      CODE     ---       #215
      01001144H   LINE      CODE     ---       #216
      ---         BLOCKEND  ---      ---       LVL=0
      01000FE3H   BLOCK     ---      ---       LVL=1
      02000042H   SYMBOL    XDATA    ---       s
      01000FEEH   BLOCK     ---      ---       LVL=2
      00000006H   SYMBOL    DATA     BYTE      i
      ---         BLOCKEND  ---      ---       LVL=1
      01000FE3H   LINE      CODE     ---       #219
      01000FEEH   LINE      CODE     ---       #220
      01000FEEH   LINE      CODE     ---       #221
      01000FF0H   LINE      CODE     ---       #222
      01001006H   LINE      CODE     ---       #223
      01001006H   LINE      CODE     ---       #224
      01001009H   LINE      CODE     ---       #225
      0100100AH   LINE      CODE     ---       #226
      0100100CH   LINE      CODE     ---       #227
      01001011H   LINE      CODE     ---       #228
      ---         BLOCKEND  ---      ---       LVL=0
      01001145H   BLOCK     ---      ---       LVL=1
      01001145H   BLOCK     ---      ---       LVL=2
      00000007H   SYMBOL    DATA     CHAR      Character
      ---         BLOCKEND  ---      ---       LVL=1
      01001145H   LINE      CODE     ---       #232
      01001145H   LINE      CODE     ---       #233
      01001145H   LINE      CODE     ---       #235
      01001148H   LINE      CODE     ---       #237
      0100114AH   LINE      CODE     ---       #238
      0100114CH   LINE      CODE     ---       #239
      0100114CH   LINE      CODE     ---       #240
      ---         BLOCKEND  ---      ---       LVL=0
      01000E1AH   BLOCK     ---      ---       LVL=1
      0200003EH   SYMBOL    XDATA    ---       s
      00000004H   SYMBOL    DATA     INT       max
      01000E25H   BLOCK     ---      ---       LVL=2
      02000041H   SYMBOL    XDATA    BYTE      i
      00000007H   SYMBOL    DATA     CHAR      Character
      ---         BLOCKEND  ---      ---       LVL=1
      01000E1AH   LINE      CODE     ---       #245
      01000E25H   LINE      CODE     ---       #246
      01000E25H   LINE      CODE     ---       #247
      01000E28H   LINE      CODE     ---       #250
      01000E37H   LINE      CODE     ---       #251
      01000E37H   LINE      CODE     ---       #252
      01000E3AH   LINE      CODE     ---       #253
      01000E43H   LINE      CODE     ---       #254
      01000E43H   LINE      CODE     ---       #255
      01000E59H   LINE      CODE     ---       #256
      01000E5BH   LINE      CODE     ---       #257
      01000E5BH   LINE      CODE     ---       #259
      01000E5BH   LINE      CODE     ---       #260
      01000E71H   LINE      CODE     ---       #261
      01000E71H   LINE      CODE     ---       #262
      01000E77H   LINE      CODE     ---       #263
LX51 LINKER/LOCATER V4.66.30.0                                                        05/15/2015  14:35:58  PAGE 12


      01000E79H   LINE      CODE     ---       #264
      ---         BLOCKEND  ---      ---       LVL=0

      ---         MODULE    ---      ---       LDRINTERRUPT
      0200002AH   PUBLIC    XDATA    ---       str
      02000028H   PUBLIC    XDATA    INT       counter
      01000F30H   PUBLIC    CODE     ---       main
      010010FCH   PUBLIC    CODE     ---       MyIntHandler
      0100114DH   PUBLIC    CODE     ---       interruptSetup
      000000D8H.2 SFRSYM    DATA     BIT       CCF2
      000000E0H.7 SFRSYM    DATA     BIT       ACC7
      000000D8H.3 SFRSYM    DATA     BIT       CCF3
      00000080H   SFRSYM    DATA     BYTE      P0
      000000D8H.4 SFRSYM    DATA     BIT       CCF4
      00000090H   SFRSYM    DATA     BYTE      P1
      000000A0H   SFRSYM    DATA     BYTE      P2
      000000B0H   SFRSYM    DATA     BYTE      P3
      000000D0H.6 SFRSYM    DATA     BIT       AC
      000000C0H   SFRSYM    DATA     BYTE      P4
      000000B0H.4 SFRSYM    DATA     BIT       T0
      000000D4H   SFRSYM    DATA     BYTE      SPCON
      000000B0H.5 SFRSYM    DATA     BIT       T1
      000000A8H.7 SFRSYM    DATA     BIT       EA
      00000090H   SFRSYM    DATA     BIT       T2
      000000A8H.6 SFRSYM    DATA     BIT       EC
      000000D8H.7 SFRSYM    DATA     BIT       CF
      00000090H   SFRSYM    DATA     BIT       X2
      000000F9H   SFRSYM    DATA     BYTE      CH
      00000098H.7 SFRSYM    DATA     BIT       FE
      000000D5H   SFRSYM    DATA     BYTE      SPSCR
      000000A8H   SFRSYM    DATA     BYTE      IEN0
      000000E8H.1 SFRSYM    DATA     BIT       EADC
      000000E8H   SFRSYM    DATA     BYTE      IEN1
      000000E9H   SFRSYM    DATA     BYTE      CL
      000000F6H   SFRSYM    DATA     BYTE      ADCF
      00000090H.1 SFRSYM    DATA     BIT       T0X2
      00000090H.2 SFRSYM    DATA     BIT       T1X2
      00000080H   SFRSYM    DATA     BIT       P0_0
      000000FAH   SFRSYM    DATA     BYTE      CCAP0H
      00000090H.3 SFRSYM    DATA     BIT       T2X2
      00000090H.3 SFRSYM    DATA     BIT       CEX0
      00000090H   SFRSYM    DATA     BIT       P1_0
      00000080H.1 SFRSYM    DATA     BIT       P0_1
      000000FBH   SFRSYM    DATA     BYTE      CCAP1H
      000000B7H   SFRSYM    DATA     BYTE      IPH0
      000000F5H   SFRSYM    DATA     BYTE      ADDH
      000000A0H   SFRSYM    DATA     BIT       P2_0
      00000090H.4 SFRSYM    DATA     BIT       CEX1
      00000090H.1 SFRSYM    DATA     BIT       P1_1
      00000080H.2 SFRSYM    DATA     BIT       P0_2
      000000FCH   SFRSYM    DATA     BYTE      CCAP2H
      000000F7H   SFRSYM    DATA     BYTE      IPH1
      000000B0H   SFRSYM    DATA     BIT       P3_0
      000000A0H.1 SFRSYM    DATA     BIT       P2_1
      00000090H.5 SFRSYM    DATA     BIT       CEX2
      00000090H.2 SFRSYM    DATA     BIT       P1_2
      00000080H.3 SFRSYM    DATA     BIT       P0_3
      000000FDH   SFRSYM    DATA     BYTE      CCAP3H
      000000C0H   SFRSYM    DATA     BIT       P4_0
      000000B0H.1 SFRSYM    DATA     BIT       P3_1
      000000A0H.2 SFRSYM    DATA     BIT       P2_2
      00000090H.6 SFRSYM    DATA     BIT       CEX3
      00000090H.3 SFRSYM    DATA     BIT       P1_3
      00000080H.4 SFRSYM    DATA     BIT       P0_4
      000000FEH   SFRSYM    DATA     BYTE      CCAP4H
LX51 LINKER/LOCATER V4.66.30.0                                                        05/15/2015  14:35:58  PAGE 13


      000000EAH   SFRSYM    DATA     BYTE      CCAP0L
      000000D8H.6 SFRSYM    DATA     BIT       CR
      000000C0H.1 SFRSYM    DATA     BIT       P4_1
      000000B0H.2 SFRSYM    DATA     BIT       P3_2
      000000A0H.3 SFRSYM    DATA     BIT       P2_3
      00000090H.7 SFRSYM    DATA     BIT       CEX4
      00000090H.4 SFRSYM    DATA     BIT       P1_4
      00000080H.5 SFRSYM    DATA     BIT       P0_5
      000000EBH   SFRSYM    DATA     BYTE      CCAP1L
      000000DAH   SFRSYM    DATA     BYTE      CCAPM0
      000000B8H   SFRSYM    DATA     BYTE      IPL0
      000000F4H   SFRSYM    DATA     BYTE      ADDL
      000000C8H.6 SFRSYM    DATA     BIT       EXF2
      000000C0H.2 SFRSYM    DATA     BIT       P4_2
      000000B0H.7 SFRSYM    DATA     BIT       RD
      000000B0H.3 SFRSYM    DATA     BIT       P3_3
      000000A0H.4 SFRSYM    DATA     BIT       P2_4
      00000090H.5 SFRSYM    DATA     BIT       P1_5
      00000080H.6 SFRSYM    DATA     BIT       P0_6
      000000ECH   SFRSYM    DATA     BYTE      CCAP2L
      000000DBH   SFRSYM    DATA     BYTE      CCAPM1
      000000F8H   SFRSYM    DATA     BYTE      IPL1
      000000C0H.3 SFRSYM    DATA     BIT       P4_3
      000000B0H.4 SFRSYM    DATA     BIT       P3_4
      000000A0H.5 SFRSYM    DATA     BIT       P2_5
      00000090H.6 SFRSYM    DATA     BIT       P1_6
      00000080H.7 SFRSYM    DATA     BIT       P0_7
      000000EDH   SFRSYM    DATA     BYTE      CCAP3L
      000000DCH   SFRSYM    DATA     BYTE      CCAPM2
      000000A8H.4 SFRSYM    DATA     BIT       ES
      000000C0H.4 SFRSYM    DATA     BIT       P4_4
      000000B0H.5 SFRSYM    DATA     BIT       P3_5
      000000A0H.6 SFRSYM    DATA     BIT       P2_6
      00000090H.7 SFRSYM    DATA     BIT       P1_7
      000000EEH   SFRSYM    DATA     BYTE      CCAP4L
      000000DDH   SFRSYM    DATA     BYTE      CCAPM3
      000000B0H.6 SFRSYM    DATA     BIT       P3_6
      000000A0H.7 SFRSYM    DATA     BIT       P2_7
      000000DEH   SFRSYM    DATA     BYTE      CCAPM4
      000000B0H.7 SFRSYM    DATA     BIT       P3_7
      00000098H   SFRSYM    DATA     BIT       RI
      000000D0H.7 SFRSYM    DATA     BIT       CY
      000000B0H.2 SFRSYM    DATA     BIT       INT0
      00000098H.1 SFRSYM    DATA     BIT       TI
      000000B0H.3 SFRSYM    DATA     BIT       INT1
      000000CBH   SFRSYM    DATA     BYTE      RCAP2H
      000000A0H.2 SFRSYM    DATA     BIT       A10
      000000B8H.4 SFRSYM    DATA     BIT       PS
      00000081H   SFRSYM    DATA     BYTE      SP
      000000A0H.3 SFRSYM    DATA     BIT       A11
      000000D9H   SFRSYM    DATA     BYTE      CMOD
      000000D8H   SFRSYM    DATA     BYTE      CCON
      000000A0H.4 SFRSYM    DATA     BIT       A12
      00000090H.1 SFRSYM    DATA     BIT       T2EX
      000000D0H.2 SFRSYM    DATA     BIT       OV
      000000A0H.5 SFRSYM    DATA     BIT       A13
      000000CAH   SFRSYM    DATA     BYTE      RCAP2L
      00000090H.6 SFRSYM    DATA     BIT       WDX2
      000000A0H.6 SFRSYM    DATA     BIT       A14
      000000D1H   SFRSYM    DATA     BYTE      FCON
      00000090H.4 SFRSYM    DATA     BIT       SIX2
      000000A0H.7 SFRSYM    DATA     BIT       A15
      000000C8H.1 SFRSYM    DATA     BIT       C_T2
      000000B0H.6 SFRSYM    DATA     BIT       WR
      000000C8H.5 SFRSYM    DATA     BIT       RCLK
LX51 LINKER/LOCATER V4.66.30.0                                                        05/15/2015  14:35:58  PAGE 14


      000000C8H.4 SFRSYM    DATA     BIT       TCLK
      00000099H   SFRSYM    DATA     BYTE      SBUF
      00000087H   SFRSYM    DATA     BYTE      PCON
      00000098H   SFRSYM    DATA     BYTE      SCON
      00000089H   SFRSYM    DATA     BYTE      TMOD
      00000088H   SFRSYM    DATA     BYTE      TCON
      00000080H   SFRSYM    DATA     BIT       AD0
      00000080H.1 SFRSYM    DATA     BIT       AD1
      00000080H.2 SFRSYM    DATA     BIT       AD2
      00000080H.3 SFRSYM    DATA     BIT       AD3
      000000C0H.2 SFRSYM    DATA     BIT       MOSI
      000000C0H.4 SFRSYM    DATA     BIT       MISO
      00000080H.4 SFRSYM    DATA     BIT       AD4
      00000080H.5 SFRSYM    DATA     BIT       AD5
      00000080H.6 SFRSYM    DATA     BIT       AD6
      00000080H.7 SFRSYM    DATA     BIT       AD7
      00000088H.1 SFRSYM    DATA     BIT       IE0
      00000088H.3 SFRSYM    DATA     BIT       IE1
      0000008EH   SFRSYM    DATA     BYTE      AUXR
      000000F0H   SFRSYM    DATA     BYTE      B
      000000C8H   SFRSYM    DATA     BIT       CP_RL2
      000000E0H   SFRSYM    DATA     BYTE      ACC
      000000A8H.1 SFRSYM    DATA     BIT       ET0
      000000A8H.3 SFRSYM    DATA     BIT       ET1
      00000088H.5 SFRSYM    DATA     BIT       TF0
      000000A8H.5 SFRSYM    DATA     BIT       ET2
      00000088H.7 SFRSYM    DATA     BIT       TF1
      00000098H.2 SFRSYM    DATA     BIT       RB8
      0000008CH   SFRSYM    DATA     BYTE      TH0
      000000C8H.7 SFRSYM    DATA     BIT       TF2
      000000A8H   SFRSYM    DATA     BIT       EX0
      0000008DH   SFRSYM    DATA     BYTE      TH1
      00000088H   SFRSYM    DATA     BIT       IT0
      000000A8H.2 SFRSYM    DATA     BIT       EX1
      00000098H.3 SFRSYM    DATA     BIT       TB8
      000000CDH   SFRSYM    DATA     BYTE      TH2
      00000088H.2 SFRSYM    DATA     BIT       IT1
      000000D0H   SFRSYM    DATA     BIT       P
      00000098H.7 SFRSYM    DATA     BIT       SM0
      0000008AH   SFRSYM    DATA     BYTE      TL0
      00000098H.6 SFRSYM    DATA     BIT       SM1
      0000008BH   SFRSYM    DATA     BYTE      TL1
      00000090H.2 SFRSYM    DATA     BIT       ECI
      00000098H.5 SFRSYM    DATA     BIT       SM2
      000000CCH   SFRSYM    DATA     BYTE      TL2
      000000B8H.1 SFRSYM    DATA     BIT       PT0
      000000B8H.3 SFRSYM    DATA     BIT       PT1
      000000D0H.3 SFRSYM    DATA     BIT       RS0
      000000B8H.5 SFRSYM    DATA     BIT       PT2
      00000088H.4 SFRSYM    DATA     BIT       TR0
      000000D0H.4 SFRSYM    DATA     BIT       RS1
      00000088H.6 SFRSYM    DATA     BIT       TR1
      000000B8H   SFRSYM    DATA     BIT       PX0
      000000C8H.2 SFRSYM    DATA     BIT       TR2
      000000B8H.2 SFRSYM    DATA     BIT       PX1
      000000A7H   SFRSYM    DATA     BYTE      WDTPRG
      00000083H   SFRSYM    DATA     BYTE      DPH
      00000090H.5 SFRSYM    DATA     BIT       PCAX2
      000000F2H   SFRSYM    DATA     BYTE      ADCLK
      00000082H   SFRSYM    DATA     BYTE      DPL
      000000C0H.3 SFRSYM    DATA     BIT       SCK
      000000B8H.6 SFRSYM    DATA     BIT       PPC
      000000C8H.3 SFRSYM    DATA     BIT       EXEN2
      000000F8H.1 SFRSYM    DATA     BIT       PADCL
      00000098H.4 SFRSYM    DATA     BIT       REN
LX51 LINKER/LOCATER V4.66.30.0                                                        05/15/2015  14:35:58  PAGE 15


      000000F3H   SFRSYM    DATA     BYTE      ADCON
      000000C9H   SFRSYM    DATA     BYTE      T2MOD
      000000C8H   SFRSYM    DATA     BYTE      T2CON
      000000A6H   SFRSYM    DATA     BYTE      WDTRST
      000000D2H   SFRSYM    DATA     BYTE      EECON
      000000B9H   SFRSYM    DATA     BYTE      SADEN
      000000B0H   SFRSYM    DATA     BIT       RXD
      000000A9H   SFRSYM    DATA     BYTE      SADDR
      0000008FH   SFRSYM    DATA     BYTE      CKCON
      000000B0H.1 SFRSYM    DATA     BIT       TXD
      000000F0H   SFRSYM    DATA     BIT       B0
      000000A2H   SFRSYM    DATA     BYTE      AUXR1
      000000F0H.1 SFRSYM    DATA     BIT       B1
      000000F0H.2 SFRSYM    DATA     BIT       B2
      000000F0H.3 SFRSYM    DATA     BIT       B3
      000000F0H.4 SFRSYM    DATA     BIT       B4
      000000D0H.5 SFRSYM    DATA     BIT       F0
      000000F0H.5 SFRSYM    DATA     BIT       B5
      000000D0H.1 SFRSYM    DATA     BIT       F1
      000000F0H.6 SFRSYM    DATA     BIT       B6
      000000E0H   SFRSYM    DATA     BIT       ACC0
      000000F0H.7 SFRSYM    DATA     BIT       B7
      000000E0H.1 SFRSYM    DATA     BIT       ACC1
      000000A0H   SFRSYM    DATA     BIT       A8
      000000E0H.2 SFRSYM    DATA     BIT       ACC2
      000000A0H.1 SFRSYM    DATA     BIT       A9
      000000E0H.3 SFRSYM    DATA     BIT       ACC3
      000000D0H   SFRSYM    DATA     BYTE      PSW
      000000E0H.4 SFRSYM    DATA     BIT       ACC4
      000000D8H   SFRSYM    DATA     BIT       CCF0
      000000E0H.5 SFRSYM    DATA     BIT       ACC5
      000000D8H.1 SFRSYM    DATA     BIT       CCF1
      000000D6H   SFRSYM    DATA     BYTE      SPDAT
      000000E0H.6 SFRSYM    DATA     BIT       ACC6

      0100114DH   BLOCK     CODE     ---       LVL=0
      0100114DH   LINE      CODE     ---       #13
      0100114DH   LINE      CODE     ---       #14
      0100114DH   LINE      CODE     ---       #16
      0100114FH   LINE      CODE     ---       #19
      01001151H   LINE      CODE     ---       #22
      01001153H   LINE      CODE     ---       #26
      ---         BLOCKEND  ---      ---       LVL=0

      010010FCH   BLOCK     CODE     ---       LVL=0
      010010FCH   LINE      CODE     ---       #28
      01001102H   LINE      CODE     ---       #30
      01001110H   LINE      CODE     ---       #31
      ---         BLOCKEND  ---      ---       LVL=0

      01000F30H   BLOCK     CODE     ---       LVL=0
      01000F30H   LINE      CODE     ---       #34
      01000F30H   LINE      CODE     ---       #35
      01000F30H   LINE      CODE     ---       #36
      01000F33H   LINE      CODE     ---       #37
      01000F36H   LINE      CODE     ---       #38
      01000F36H   LINE      CODE     ---       #39
      01000F36H   LINE      CODE     ---       #40
      01000F39H   LINE      CODE     ---       #41
      01000F5FH   LINE      CODE     ---       #42
      01000F68H   LINE      CODE     ---       #43
      01000F6FH   LINE      CODE     ---       #44
      ---         BLOCKEND  ---      ---       LVL=0

      ---         MODULE    ---      ---       ?C_INIT
LX51 LINKER/LOCATER V4.66.30.0                                                        05/15/2015  14:35:58  PAGE 16


      01000DD5H   PUBLIC    CODE     ---       ?C_START

      ---         MODULE    ---      ---       ?C?CLDOPTR
      01000B65H   PUBLIC    CODE     ---       ?C?CLDOPTR

      ---         MODULE    ---      ---       ?C?CSTOPTR
      01000B92H   PUBLIC    CODE     ---       ?C?CSTOPTR

      ---         MODULE    ---      ---       ?C?SLDIV
      01000EECH   PUBLIC    CODE     ---       ?C?SLDIV

      ---         MODULE    ---      ---       PRINTF
      02000000H   PUBLIC    XDATA    ---       ?_PRINTF517?BYTE
      02000000H   PUBLIC    XDATA    ---       ?_PRINTF?BYTE
      02000000H   PUBLIC    XDATA    ---       ?_SPRINTF517?BYTE
      02000000H   PUBLIC    XDATA    ---       ?_SPRINTF?BYTE
      0100086BH   PUBLIC    CODE     ---       _PRINTF
      0100086BH   PUBLIC    CODE     ---       _PRINTF517
      01000865H   PUBLIC    CODE     ---       _SPRINTF
      01000865H   PUBLIC    CODE     ---       _SPRINTF517

      ---         MODULE    ---      ---       ?C?CLDPTR
      01000BB4H   PUBLIC    CODE     ---       ?C?CLDPTR

      ---         MODULE    ---      ---       ?C?CSTPTR
      01000BCDH   PUBLIC    CODE     ---       ?C?CSTPTR

      ---         MODULE    ---      ---       ?C?ULDIV
      01000C1BH   PUBLIC    CODE     ---       ?C?ULDIV

      ---         MODULE    ---      ---       ?C?PLDIXDATA
      01000CADH   PUBLIC    CODE     ---       ?C?PLDIXDATA

      ---         MODULE    ---      ---       ?C?PSTXDATA
      01000CC4H   PUBLIC    CODE     ---       ?C?PSTXDATA

      ---         MODULE    ---      ---       ?C?CCASE
      01000CCDH   PUBLIC    CODE     ---       ?C?CCASE

      ---         MODULE    ---      ---       PUTCHAR
      0100109BH   PUBLIC    CODE     ---       _PUTCHAR



*** WARNING L57: UNCALLED FUNCTION, IGNORED FOR OVERLAY PROCESS
    NAME:    GETLCDPOS/PHYS340LIBKEIL

*** WARNING L57: UNCALLED FUNCTION, IGNORED FOR OVERLAY PROCESS
    NAME:    SAMPLEKEYPAD/PHYS340LIBKEIL

*** WARNING L57: UNCALLED FUNCTION, IGNORED FOR OVERLAY PROCESS
    NAME:    SAMPLEADC/PHYS340LIBKEIL

*** WARNING L57: UNCALLED FUNCTION, IGNORED FOR OVERLAY PROCESS
    NAME:    _INITSERIAL/PHYS340LIBKEIL

*** WARNING L57: UNCALLED FUNCTION, IGNORED FOR OVERLAY PROCESS
    NAME:    _WRITELINESERIAL/PHYS340LIBKEIL

*** WARNING L57: UNCALLED FUNCTION, IGNORED FOR OVERLAY PROCESS
    NAME:    _READLINESERIAL/PHYS340LIBKEIL

******************************************************************************
* RESTRICTED VERSION WITH 0800H BYTE CODE SIZE LIMIT; USED: 0381H BYTE (43%) *
******************************************************************************
LX51 LINKER/LOCATER V4.66.30.0                                                        05/15/2015  14:35:58  PAGE 17



Program Size: data=15.1 xdata=69 const=0 code=2400
LX51 RUN COMPLETE.  6 WARNING(S),  0 ERROR(S)
